[     659ms] [ERROR] Error: <svg> attribute height: Expected length, "auto". @ https://fwd-inside-the-manege-offer-tst.webflow.io/plans:569
[     660ms] [ERROR] Error: <svg> attribute height: Expected length, "auto". @ https://fwd-inside-the-manege-offer-tst.webflow.io/plans:572
[     660ms] [ERROR] Error: <svg> attribute height: Expected length, "auto". @ https://fwd-inside-the-manege-offer-tst.webflow.io/plans:575
[     673ms] [VERBOSE] [DOM] Input elements should have autocomplete attributes (suggested: "current-password"): (More info: https://goo.gl/9p2vKq) %o @ https://fwd-inside-the-manege-offer-tst.webflow.io/plans:0
[     722ms] [LOG] Loading mainInit() @ https://cdn.jsdelivr.net/gh/dev-forwwward/inside-the-manege@feature/offers-tst/js/main.js?v=1785578714024:57
[     722ms] [WARNING] navComponent not found. @ https://cdn.jsdelivr.net/gh/dev-forwwward/inside-the-manege@feature/offers-tst/js/menu.js?v=1785578714024:237
[     722ms] [LOG] running swiper.js @ https://cdn.jsdelivr.net/gh/dev-forwwward/inside-the-manege@feature/offers-tst/js/swiper.js?v=1785578714024:2
[     722ms] [LOG] running swiperInit() @ https://cdn.jsdelivr.net/gh/dev-forwwward/inside-the-manege@feature/offers-tst/js/swiper.js?v=1785578714024:64
[     722ms] [LOG] Loading form() @ https://cdn.jsdelivr.net/gh/dev-forwwward/inside-the-manege@feature/offers-tst/js/form.js?v=1785578714024:71
[     722ms] [LOG] Loading footerDate() @ https://cdn.jsdelivr.net/gh/dev-forwwward/inside-the-manege@feature/offers-tst/js/footer-date.js?v=1785578714024:10
[     722ms] [LOG] Loading main scripts loader @ https://cdn.jsdelivr.net/gh/dev-forwwward/inside-the-manege@feature/offers-tst/js/script-loader.js?v=1785578714004:29
[     723ms] [LOG] Loading courseLessons() @ https://cdn.jsdelivr.net/gh/dev-forwwward/inside-the-manege@feature/offers-tst/js/features/course.lessons.js?v=1785578714024:225
[     723ms] [LOG] Loading planSelect() @ https://cdn.jsdelivr.net/gh/dev-forwwward/inside-the-manege@feature/offers-tst/js/ms-scripts/plan-select.js?v=1785578714024:36
[     724ms] [LOG] Loading course-loader @ https://cdn.jsdelivr.net/gh/dev-forwwward/inside-the-manege@feature/offers-tst/js/features/course-loader.js?v=1785578714004:28
[     928ms] [LOG] %cms_price cart found: prc_quarter-3u4t0jvn color: green @ https://static.memberstack.com/scripts/v2/prebuilt-uis/v1.js:0
[     928ms] [LOG] %cprice-update found color: green @ https://static.memberstack.com/scripts/v2/prebuilt-uis/v1.js:0
[     928ms] [LOG] %csignup-form found color: green @ https://static.memberstack.com/scripts/v2/prebuilt-uis/v1.js:0
[     928ms] [LOG] %cmember-data found color: green @ https://static.memberstack.com/scripts/v2/prebuilt-uis/v1.js:0
[     929ms] [LOG] %cgoogle-login found color: green @ https://static.memberstack.com/scripts/v2/prebuilt-uis/v1.js:0
[     929ms] [LOG] %cgated-content found color: green @ https://static.memberstack.com/scripts/v2/prebuilt-uis/v1.js:0
[    1239ms] [LOG] %cUnknown custom field key color: yellow @ https://static.memberstack.com/scripts/v2/prebuilt-uis/v1.js:0
[   27853ms] [ERROR] Error: <svg> attribute height: Expected length, "auto". @ https://fwd-inside-the-manege-offer-tst.webflow.io/sign-up:87
[   27853ms] [ERROR] Error: <svg> attribute height: Expected length, "auto". @ https://fwd-inside-the-manege-offer-tst.webflow.io/sign-up:90
[   27853ms] [ERROR] Error: <svg> attribute height: Expected length, "auto". @ https://fwd-inside-the-manege-offer-tst.webflow.io/sign-up:93
[   27864ms] [VERBOSE] [DOM] Input elements should have autocomplete attributes (suggested: "current-password"): (More info: https://goo.gl/9p2vKq) %o @ https://fwd-inside-the-manege-offer-tst.webflow.io/sign-up:0
[   27994ms] [WARNING] GSAP target .preloader not found. https://gsap.com @ https://cdn.prod.website-files.com/gsap/3.15.0/gsap.min.js:9
[   27994ms] [LOG] Loading mainInit() @ https://cdn.jsdelivr.net/gh/dev-forwwward/inside-the-manege@feature/offers-tst/js/main.js?v=1785578741221:57
[   27994ms] [WARNING] navComponent not found. @ https://cdn.jsdelivr.net/gh/dev-forwwward/inside-the-manege@feature/offers-tst/js/menu.js?v=1785578741221:237
[   27994ms] [LOG] running swiper.js @ https://cdn.jsdelivr.net/gh/dev-forwwward/inside-the-manege@feature/offers-tst/js/swiper.js?v=1785578741221:2
[   27994ms] [LOG] running swiperInit() @ https://cdn.jsdelivr.net/gh/dev-forwwward/inside-the-manege@feature/offers-tst/js/swiper.js?v=1785578741221:64
[   27994ms] [LOG] Loading form() @ https://cdn.jsdelivr.net/gh/dev-forwwward/inside-the-manege@feature/offers-tst/js/form.js?v=1785578741221:71
[   27994ms] [LOG] Loading footerDate() @ https://cdn.jsdelivr.net/gh/dev-forwwward/inside-the-manege@feature/offers-tst/js/footer-date.js?v=1785578741221:10
[   27994ms] [LOG] Loading main scripts loader @ https://cdn.jsdelivr.net/gh/dev-forwwward/inside-the-manege@feature/offers-tst/js/script-loader.js?v=1785578741194:29
[   27995ms] [LOG] Loading courseLessons() @ https://cdn.jsdelivr.net/gh/dev-forwwward/inside-the-manege@feature/offers-tst/js/features/course.lessons.js?v=1785578741221:225
[   27995ms] [LOG] Loading course-loader @ https://cdn.jsdelivr.net/gh/dev-forwwward/inside-the-manege@feature/offers-tst/js/features/course-loader.js?v=1785578741194:28
[   28138ms] [LOG] %cms_price cart found: prc_paid-monthly-461w0ga0 color: green @ https://static.memberstack.com/scripts/v2/prebuilt-uis/v1.js:0
[   28138ms] [LOG] %csignup-form found color: green @ https://static.memberstack.com/scripts/v2/prebuilt-uis/v1.js:0
[   28138ms] [LOG] %cmember-data found color: green @ https://static.memberstack.com/scripts/v2/prebuilt-uis/v1.js:0
[   28138ms] [LOG] %cgoogle-login found color: green @ https://static.memberstack.com/scripts/v2/prebuilt-uis/v1.js:0
[   28941ms] [WARNING] OTS parsing error: Size of decompressed WOFF 2.0 is less than compressed size @ https://challenges.cloudflare.com/cdn-cgi/challenge-platform/h/g/turnstile/f/av0/rch/ocg5c/0x4AAAAAAAQTptj2So4dx43e/auto/fbE/new/normal?lang=auto:0
[   29143ms] [WARNING] WebGL: INVALID_ENUM: getInternalformatParameter: invalid internalformat @ https://challenges.cloudflare.com/cdn-cgi/challenge-platform/h/g/turnstile/f/av0/rch/ocg5c/0x4AAAAAAAQTptj2So4dx43e/auto/fbE/new/normal?lang=auto:0
[   29144ms] [WARNING] WebGL: INVALID_ENUM: getInternalformatParameter: invalid internalformat @ https://challenges.cloudflare.com/cdn-cgi/challenge-platform/h/g/turnstile/f/av0/rch/ocg5c/0x4AAAAAAAQTptj2So4dx43e/auto/fbE/new/normal?lang=auto:0
[   29144ms] [WARNING] WebGL: INVALID_ENUM: getInternalformatParameter: invalid internalformat @ https://challenges.cloudflare.com/cdn-cgi/challenge-platform/h/g/turnstile/f/av0/rch/ocg5c/0x4AAAAAAAQTptj2So4dx43e/auto/fbE/new/normal?lang=auto:0
[   29144ms] [WARNING] WebGL: INVALID_ENUM: getInternalformatParameter: invalid internalformat @ https://challenges.cloudflare.com/cdn-cgi/challenge-platform/h/g/turnstile/f/av0/rch/ocg5c/0x4AAAAAAAQTptj2So4dx43e/auto/fbE/new/normal?lang=auto:0
[   29145ms] [WARNING] WebGL: INVALID_ENUM: getInternalformatParameter: invalid internalformat @ https://challenges.cloudflare.com/cdn-cgi/challenge-platform/h/g/turnstile/f/av0/rch/ocg5c/0x4AAAAAAAQTptj2So4dx43e/auto/fbE/new/normal?lang=auto:0
[   29145ms] [WARNING] WebGL: INVALID_ENUM: getInternalformatParameter: invalid internalformat @ https://challenges.cloudflare.com/cdn-cgi/challenge-platform/h/g/turnstile/f/av0/rch/ocg5c/0x4AAAAAAAQTptj2So4dx43e/auto/fbE/new/normal?lang=auto:0
[   29145ms] [WARNING] WebGL: INVALID_ENUM: getInternalformatParameter: invalid internalformat @ https://challenges.cloudflare.com/cdn-cgi/challenge-platform/h/g/turnstile/f/av0/rch/ocg5c/0x4AAAAAAAQTptj2So4dx43e/auto/fbE/new/normal?lang=auto:0
[   29145ms] [WARNING] WebGL: INVALID_ENUM: getInternalformatParameter: invalid internalformat @ https://challenges.cloudflare.com/cdn-cgi/challenge-platform/h/g/turnstile/f/av0/rch/ocg5c/0x4AAAAAAAQTptj2So4dx43e/auto/fbE/new/normal?lang=auto:0
[   29145ms] [WARNING] WebGL: INVALID_ENUM: getInternalformatParameter: invalid internalformat @ https://challenges.cloudflare.com/cdn-cgi/challenge-platform/h/g/turnstile/f/av0/rch/ocg5c/0x4AAAAAAAQTptj2So4dx43e/auto/fbE/new/normal?lang=auto:0
[   29145ms] [WARNING] WebGL: INVALID_ENUM: getInternalformatParameter: invalid internalformat @ https://challenges.cloudflare.com/cdn-cgi/challenge-platform/h/g/turnstile/f/av0/rch/ocg5c/0x4AAAAAAAQTptj2So4dx43e/auto/fbE/new/normal?lang=auto:0
[   29145ms] [WARNING] WebGL: INVALID_ENUM: getInternalformatParameter: invalid internalformat @ https://challenges.cloudflare.com/cdn-cgi/challenge-platform/h/g/turnstile/f/av0/rch/ocg5c/0x4AAAAAAAQTptj2So4dx43e/auto/fbE/new/normal?lang=auto:0
[   29146ms] [WARNING] WebGL: INVALID_ENUM: getInternalformatParameter: invalid internalformat when EXT_color_buffer_[half_]float is not enabled @ https://challenges.cloudflare.com/cdn-cgi/challenge-platform/h/g/turnstile/f/av0/rch/ocg5c/0x4AAAAAAAQTptj2So4dx43e/auto/fbE/new/normal?lang=auto:0
[   29146ms] [WARNING] WebGL: INVALID_ENUM: getInternalformatParameter: invalid internalformat when EXT_color_buffer_float is not enabled @ https://challenges.cloudflare.com/cdn-cgi/challenge-platform/h/g/turnstile/f/av0/rch/ocg5c/0x4AAAAAAAQTptj2So4dx43e/auto/fbE/new/normal?lang=auto:0
[   29146ms] [WARNING] WebGL: INVALID_ENUM: getInternalformatParameter: invalid internalformat when EXT_color_buffer_float is not enabled @ https://challenges.cloudflare.com/cdn-cgi/challenge-platform/h/g/turnstile/f/av0/rch/ocg5c/0x4AAAAAAAQTptj2So4dx43e/auto/fbE/new/normal?lang=auto:0
[   29146ms] [WARNING] WebGL: INVALID_ENUM: getInternalformatParameter: invalid internalformat @ https://challenges.cloudflare.com/cdn-cgi/challenge-platform/h/g/turnstile/f/av0/rch/ocg5c/0x4AAAAAAAQTptj2So4dx43e/auto/fbE/new/normal?lang=auto:0
[   29146ms] [WARNING] WebGL: INVALID_ENUM: getInternalformatParameter: invalid internalformat when EXT_color_buffer_[half_]float is not enabled @ https://challenges.cloudflare.com/cdn-cgi/challenge-platform/h/g/turnstile/f/av0/rch/ocg5c/0x4AAAAAAAQTptj2So4dx43e/auto/fbE/new/normal?lang=auto:0
[   29146ms] [WARNING] WebGL: INVALID_ENUM: getInternalformatParameter: invalid internalformat when EXT_color_buffer_float is not enabled @ https://challenges.cloudflare.com/cdn-cgi/challenge-platform/h/g/turnstile/f/av0/rch/ocg5c/0x4AAAAAAAQTptj2So4dx43e/auto/fbE/new/normal?lang=auto:0
[   29146ms] [WARNING] WebGL: INVALID_ENUM: getInternalformatParameter: invalid internalformat when EXT_color_buffer_[half_]float is not enabled @ https://challenges.cloudflare.com/cdn-cgi/challenge-platform/h/g/turnstile/f/av0/rch/ocg5c/0x4AAAAAAAQTptj2So4dx43e/auto/fbE/new/normal?lang=auto:0
[   29147ms] [WARNING] WebGL: INVALID_ENUM: getInternalformatParameter: invalid internalformat when EXT_color_buffer_float is not enabled @ https://challenges.cloudflare.com/cdn-cgi/challenge-platform/h/g/turnstile/f/av0/rch/ocg5c/0x4AAAAAAAQTptj2So4dx43e/auto/fbE/new/normal?lang=auto:0
[   29184ms] [WARNING] No available adapters. @ https://challenges.cloudflare.com/cdn-cgi/challenge-platform/h/g/turnstile/f/av0/rch/ocg5c/0x4AAAAAAAQTptj2So4dx43e/auto/fbE/new/normal?lang=auto:0
[   29260ms] [LOG] /.*.*=.*/ @ https://challenges.cloudflare.com/cdn-cgi/challenge-platform/h/g/turnstile/f/av0/rch/ocg5c/0x4AAAAAAAQTptj2So4dx43e/auto/fbE/new/normal?lang=auto:0
[   29260ms] [LOG] /.*.*=.*/ @ https://challenges.cloudflare.com/cdn-cgi/challenge-platform/h/g/turnstile/f/av0/rch/ocg5c/0x4AAAAAAAQTptj2So4dx43e/auto/fbE/new/normal?lang=auto:0
[   29260ms] [LOG] function () { [native code] } @ https://challenges.cloudflare.com/cdn-cgi/challenge-platform/h/g/turnstile/f/av0/rch/ocg5c/0x4AAAAAAAQTptj2So4dx43e/auto/fbE/new/normal?lang=auto:0
[   29261ms] [LOG] function () { [native code] } @ https://challenges.cloudflare.com/cdn-cgi/challenge-platform/h/g/turnstile/f/av0/rch/ocg5c/0x4AAAAAAAQTptj2So4dx43e/auto/fbE/new/normal?lang=auto:0
[   29261ms] [LOG] JSHandle@node @ https://challenges.cloudflare.com/cdn-cgi/challenge-platform/h/g/turnstile/f/av0/rch/ocg5c/0x4AAAAAAAQTptj2So4dx43e/auto/fbE/new/normal?lang=auto:0
[   29261ms] [LOG] JSHandle@node @ https://challenges.cloudflare.com/cdn-cgi/challenge-platform/h/g/turnstile/f/av0/rch/ocg5c/0x4AAAAAAAQTptj2So4dx43e/auto/fbE/new/normal?lang=auto:0
[   29261ms] [COUNT]  : 1 @ https://challenges.cloudflare.com/cdn-cgi/challenge-platform/h/g/turnstile/f/av0/rch/ocg5c/0x4AAAAAAAQTptj2So4dx43e/auto/fbE/new/normal?lang=auto:0
[   29261ms] [COUNT]  : 1 @ https://challenges.cloudflare.com/cdn-cgi/challenge-platform/h/g/turnstile/f/av0/rch/ocg5c/0x4AAAAAAAQTptj2So4dx43e/auto/fbE/new/normal?lang=auto:0
[   29261ms] [DIR]  Error @ https://challenges.cloudflare.com/cdn-cgi/challenge-platform/h/g/turnstile/f/av0/rch/ocg5c/0x4AAAAAAAQTptj2So4dx43e/auto/fbE/new/normal?lang=auto:0
[   29261ms] [DIR]  Error @ https://challenges.cloudflare.com/cdn-cgi/challenge-platform/h/g/turnstile/f/av0/rch/ocg5c/0x4AAAAAAAQTptj2So4dx43e/auto/fbE/new/normal?lang=auto:0
[   29261ms] [DIRXML] %c%d font-size:0;color:transparent Error @ https://challenges.cloudflare.com/cdn-cgi/challenge-platform/h/g/turnstile/f/av0/rch/ocg5c/0x4AAAAAAAQTptj2So4dx43e/auto/fbE/new/normal?lang=auto:0
[   29261ms] [DIRXML] %c%d font-size:0;color:transparent Error @ https://challenges.cloudflare.com/cdn-cgi/challenge-platform/h/g/turnstile/f/av0/rch/ocg5c/0x4AAAAAAAQTptj2So4dx43e/auto/fbE/new/normal?lang=auto:0
[   29262ms] [ERROR] %c%d font-size:0;color:transparent NaN @ https://challenges.cloudflare.com/cdn-cgi/challenge-platform/h/g/turnstile/f/av0/rch/ocg5c/0x4AAAAAAAQTptj2So4dx43e/auto/fbE/new/normal?lang=auto:0
[   29262ms] [ERROR] %c%d font-size:0;color:transparent NaN @ https://challenges.cloudflare.com/cdn-cgi/challenge-platform/h/g/turnstile/f/av0/rch/ocg5c/0x4AAAAAAAQTptj2So4dx43e/auto/fbE/new/normal?lang=auto:0
[   29262ms] [INFO] %c%d font-size:0;color:transparent NaN @ https://challenges.cloudflare.com/cdn-cgi/challenge-platform/h/g/turnstile/f/av0/rch/ocg5c/0x4AAAAAAAQTptj2So4dx43e/auto/fbE/new/normal?lang=auto:0
[   29262ms] [INFO] %c%d font-size:0;color:transparent NaN @ https://challenges.cloudflare.com/cdn-cgi/challenge-platform/h/g/turnstile/f/av0/rch/ocg5c/0x4AAAAAAAQTptj2So4dx43e/auto/fbE/new/normal?lang=auto:0
[   29262ms] [LOG] %c%d font-size:0;color:transparent NaN @ https://challenges.cloudflare.com/cdn-cgi/challenge-platform/h/g/turnstile/f/av0/rch/ocg5c/0x4AAAAAAAQTptj2So4dx43e/auto/fbE/new/normal?lang=auto:0
[   29262ms] [LOG] %c%d font-size:0;color:transparent NaN @ https://challenges.cloudflare.com/cdn-cgi/challenge-platform/h/g/turnstile/f/av0/rch/ocg5c/0x4AAAAAAAQTptj2So4dx43e/auto/fbE/new/normal?lang=auto:0
[   29262ms] [TABLE] %c%d font-size:0;color:transparent Error @ https://challenges.cloudflare.com/cdn-cgi/challenge-platform/h/g/turnstile/f/av0/rch/ocg5c/0x4AAAAAAAQTptj2So4dx43e/auto/fbE/new/normal?lang=auto:0
[   29262ms] [TABLE] %c%d font-size:0;color:transparent Error @ https://challenges.cloudflare.com/cdn-cgi/challenge-platform/h/g/turnstile/f/av0/rch/ocg5c/0x4AAAAAAAQTptj2So4dx43e/auto/fbE/new/normal?lang=auto:0
[   29262ms] [WARNING] %c%d font-size:0;color:transparent NaN @ https://challenges.cloudflare.com/cdn-cgi/challenge-platform/h/g/turnstile/f/av0/rch/ocg5c/0x4AAAAAAAQTptj2So4dx43e/auto/fbE/new/normal?lang=auto:0
[   29262ms] [WARNING] %c%d font-size:0;color:transparent NaN @ https://challenges.cloudflare.com/cdn-cgi/challenge-platform/h/g/turnstile/f/av0/rch/ocg5c/0x4AAAAAAAQTptj2So4dx43e/auto/fbE/new/normal?lang=auto:0
[  320584ms] [WARNING] WebGL: INVALID_ENUM: getInternalformatParameter: invalid internalformat @ https://challenges.cloudflare.com/cdn-cgi/challenge-platform/h/g/turnstile/f/av0/rch/ocg5c/0x4AAAAAAAQTptj2So4dx43e/auto/fbE/auto_expire/normal?lang=auto:0
[  320584ms] [WARNING] WebGL: INVALID_ENUM: getInternalformatParameter: invalid internalformat @ https://challenges.cloudflare.com/cdn-cgi/challenge-platform/h/g/turnstile/f/av0/rch/ocg5c/0x4AAAAAAAQTptj2So4dx43e/auto/fbE/auto_expire/normal?lang=auto:0
[  320584ms] [WARNING] WebGL: INVALID_ENUM: getInternalformatParameter: invalid internalformat @ https://challenges.cloudflare.com/cdn-cgi/challenge-platform/h/g/turnstile/f/av0/rch/ocg5c/0x4AAAAAAAQTptj2So4dx43e/auto/fbE/auto_expire/normal?lang=auto:0
[  320584ms] [WARNING] WebGL: INVALID_ENUM: getInternalformatParameter: invalid internalformat @ https://challenges.cloudflare.com/cdn-cgi/challenge-platform/h/g/turnstile/f/av0/rch/ocg5c/0x4AAAAAAAQTptj2So4dx43e/auto/fbE/auto_expire/normal?lang=auto:0
[  320584ms] [WARNING] WebGL: INVALID_ENUM: getInternalformatParameter: invalid internalformat @ https://challenges.cloudflare.com/cdn-cgi/challenge-platform/h/g/turnstile/f/av0/rch/ocg5c/0x4AAAAAAAQTptj2So4dx43e/auto/fbE/auto_expire/normal?lang=auto:0
[  320584ms] [WARNING] WebGL: INVALID_ENUM: getInternalformatParameter: invalid internalformat @ https://challenges.cloudflare.com/cdn-cgi/challenge-platform/h/g/turnstile/f/av0/rch/ocg5c/0x4AAAAAAAQTptj2So4dx43e/auto/fbE/auto_expire/normal?lang=auto:0
[  320585ms] [WARNING] WebGL: INVALID_ENUM: getInternalformatParameter: invalid internalformat @ https://challenges.cloudflare.com/cdn-cgi/challenge-platform/h/g/turnstile/f/av0/rch/ocg5c/0x4AAAAAAAQTptj2So4dx43e/auto/fbE/auto_expire/normal?lang=auto:0
[  320585ms] [WARNING] WebGL: INVALID_ENUM: getInternalformatParameter: invalid internalformat @ https://challenges.cloudflare.com/cdn-cgi/challenge-platform/h/g/turnstile/f/av0/rch/ocg5c/0x4AAAAAAAQTptj2So4dx43e/auto/fbE/auto_expire/normal?lang=auto:0
[  320585ms] [WARNING] WebGL: INVALID_ENUM: getInternalformatParameter: invalid internalformat @ https://challenges.cloudflare.com/cdn-cgi/challenge-platform/h/g/turnstile/f/av0/rch/ocg5c/0x4AAAAAAAQTptj2So4dx43e/auto/fbE/auto_expire/normal?lang=auto:0
[  320585ms] [WARNING] WebGL: INVALID_ENUM: getInternalformatParameter: invalid internalformat @ https://challenges.cloudflare.com/cdn-cgi/challenge-platform/h/g/turnstile/f/av0/rch/ocg5c/0x4AAAAAAAQTptj2So4dx43e/auto/fbE/auto_expire/normal?lang=auto:0
[  320585ms] [WARNING] WebGL: INVALID_ENUM: getInternalformatParameter: invalid internalformat @ https://challenges.cloudflare.com/cdn-cgi/challenge-platform/h/g/turnstile/f/av0/rch/ocg5c/0x4AAAAAAAQTptj2So4dx43e/auto/fbE/auto_expire/normal?lang=auto:0
[  320585ms] [WARNING] WebGL: INVALID_ENUM: getInternalformatParameter: invalid internalformat when EXT_color_buffer_[half_]float is not enabled @ https://challenges.cloudflare.com/cdn-cgi/challenge-platform/h/g/turnstile/f/av0/rch/ocg5c/0x4AAAAAAAQTptj2So4dx43e/auto/fbE/auto_expire/normal?lang=auto:0
[  320585ms] [WARNING] WebGL: INVALID_ENUM: getInternalformatParameter: invalid internalformat when EXT_color_buffer_float is not enabled @ https://challenges.cloudflare.com/cdn-cgi/challenge-platform/h/g/turnstile/f/av0/rch/ocg5c/0x4AAAAAAAQTptj2So4dx43e/auto/fbE/auto_expire/normal?lang=auto:0
[  320585ms] [WARNING] WebGL: INVALID_ENUM: getInternalformatParameter: invalid internalformat when EXT_color_buffer_float is not enabled @ https://challenges.cloudflare.com/cdn-cgi/challenge-platform/h/g/turnstile/f/av0/rch/ocg5c/0x4AAAAAAAQTptj2So4dx43e/auto/fbE/auto_expire/normal?lang=auto:0
[  320586ms] [WARNING] WebGL: INVALID_ENUM: getInternalformatParameter: invalid internalformat @ https://challenges.cloudflare.com/cdn-cgi/challenge-platform/h/g/turnstile/f/av0/rch/ocg5c/0x4AAAAAAAQTptj2So4dx43e/auto/fbE/auto_expire/normal?lang=auto:0
[  320586ms] [WARNING] WebGL: INVALID_ENUM: getInternalformatParameter: invalid internalformat when EXT_color_buffer_[half_]float is not enabled @ https://challenges.cloudflare.com/cdn-cgi/challenge-platform/h/g/turnstile/f/av0/rch/ocg5c/0x4AAAAAAAQTptj2So4dx43e/auto/fbE/auto_expire/normal?lang=auto:0
[  320586ms] [WARNING] WebGL: INVALID_ENUM: getInternalformatParameter: invalid internalformat when EXT_color_buffer_float is not enabled @ https://challenges.cloudflare.com/cdn-cgi/challenge-platform/h/g/turnstile/f/av0/rch/ocg5c/0x4AAAAAAAQTptj2So4dx43e/auto/fbE/auto_expire/normal?lang=auto:0
[  320586ms] [WARNING] WebGL: INVALID_ENUM: getInternalformatParameter: invalid internalformat when EXT_color_buffer_[half_]float is not enabled @ https://challenges.cloudflare.com/cdn-cgi/challenge-platform/h/g/turnstile/f/av0/rch/ocg5c/0x4AAAAAAAQTptj2So4dx43e/auto/fbE/auto_expire/normal?lang=auto:0
[  320586ms] [WARNING] WebGL: INVALID_ENUM: getInternalformatParameter: invalid internalformat when EXT_color_buffer_float is not enabled @ https://challenges.cloudflare.com/cdn-cgi/challenge-platform/h/g/turnstile/f/av0/rch/ocg5c/0x4AAAAAAAQTptj2So4dx43e/auto/fbE/auto_expire/normal?lang=auto:0
[  320631ms] [WARNING] No available adapters. @ https://challenges.cloudflare.com/cdn-cgi/challenge-platform/h/g/turnstile/f/av0/rch/ocg5c/0x4AAAAAAAQTptj2So4dx43e/auto/fbE/auto_expire/normal?lang=auto:0
[  320680ms] [WARNING] OTS parsing error: Size of decompressed WOFF 2.0 is less than compressed size @ https://challenges.cloudflare.com/cdn-cgi/challenge-platform/h/g/turnstile/f/av0/rch/ocg5c/0x4AAAAAAAQTptj2So4dx43e/auto/fbE/auto_expire/normal?lang=auto:0
[  320706ms] [LOG] /.*.*=.*/ @ https://challenges.cloudflare.com/cdn-cgi/challenge-platform/h/g/turnstile/f/av0/rch/ocg5c/0x4AAAAAAAQTptj2So4dx43e/auto/fbE/auto_expire/normal?lang=auto:0
[  320706ms] [LOG] /.*.*=.*/ @ https://challenges.cloudflare.com/cdn-cgi/challenge-platform/h/g/turnstile/f/av0/rch/ocg5c/0x4AAAAAAAQTptj2So4dx43e/auto/fbE/auto_expire/normal?lang=auto:0
[  320706ms] [LOG] function () { [native code] } @ https://challenges.cloudflare.com/cdn-cgi/challenge-platform/h/g/turnstile/f/av0/rch/ocg5c/0x4AAAAAAAQTptj2So4dx43e/auto/fbE/auto_expire/normal?lang=auto:0
[  320706ms] [LOG] function () { [native code] } @ https://challenges.cloudflare.com/cdn-cgi/challenge-platform/h/g/turnstile/f/av0/rch/ocg5c/0x4AAAAAAAQTptj2So4dx43e/auto/fbE/auto_expire/normal?lang=auto:0
[  320706ms] [LOG] JSHandle@node @ https://challenges.cloudflare.com/cdn-cgi/challenge-platform/h/g/turnstile/f/av0/rch/ocg5c/0x4AAAAAAAQTptj2So4dx43e/auto/fbE/auto_expire/normal?lang=auto:0
[  320706ms] [LOG] JSHandle@node @ https://challenges.cloudflare.com/cdn-cgi/challenge-platform/h/g/turnstile/f/av0/rch/ocg5c/0x4AAAAAAAQTptj2So4dx43e/auto/fbE/auto_expire/normal?lang=auto:0
[  320707ms] [COUNT]  : 1 @ https://challenges.cloudflare.com/cdn-cgi/challenge-platform/h/g/turnstile/f/av0/rch/ocg5c/0x4AAAAAAAQTptj2So4dx43e/auto/fbE/auto_expire/normal?lang=auto:0
[  320707ms] [COUNT]  : 1 @ https://challenges.cloudflare.com/cdn-cgi/challenge-platform/h/g/turnstile/f/av0/rch/ocg5c/0x4AAAAAAAQTptj2So4dx43e/auto/fbE/auto_expire/normal?lang=auto:0
[  320707ms] [DIR]  Error @ https://challenges.cloudflare.com/cdn-cgi/challenge-platform/h/g/turnstile/f/av0/rch/ocg5c/0x4AAAAAAAQTptj2So4dx43e/auto/fbE/auto_expire/normal?lang=auto:0
[  320707ms] [DIR]  Error @ https://challenges.cloudflare.com/cdn-cgi/challenge-platform/h/g/turnstile/f/av0/rch/ocg5c/0x4AAAAAAAQTptj2So4dx43e/auto/fbE/auto_expire/normal?lang=auto:0
[  320707ms] [DIRXML] %c%d font-size:0;color:transparent Error @ https://challenges.cloudflare.com/cdn-cgi/challenge-platform/h/g/turnstile/f/av0/rch/ocg5c/0x4AAAAAAAQTptj2So4dx43e/auto/fbE/auto_expire/normal?lang=auto:0
[  320707ms] [DIRXML] %c%d font-size:0;color:transparent Error @ https://challenges.cloudflare.com/cdn-cgi/challenge-platform/h/g/turnstile/f/av0/rch/ocg5c/0x4AAAAAAAQTptj2So4dx43e/auto/fbE/auto_expire/normal?lang=auto:0
[  320707ms] [ERROR] %c%d font-size:0;color:transparent NaN @ https://challenges.cloudflare.com/cdn-cgi/challenge-platform/h/g/turnstile/f/av0/rch/ocg5c/0x4AAAAAAAQTptj2So4dx43e/auto/fbE/auto_expire/normal?lang=auto:0
[  320707ms] [ERROR] %c%d font-size:0;color:transparent NaN @ https://challenges.cloudflare.com/cdn-cgi/challenge-platform/h/g/turnstile/f/av0/rch/ocg5c/0x4AAAAAAAQTptj2So4dx43e/auto/fbE/auto_expire/normal?lang=auto:0
[  320707ms] [INFO] %c%d font-size:0;color:transparent NaN @ https://challenges.cloudflare.com/cdn-cgi/challenge-platform/h/g/turnstile/f/av0/rch/ocg5c/0x4AAAAAAAQTptj2So4dx43e/auto/fbE/auto_expire/normal?lang=auto:0
[  320707ms] [INFO] %c%d font-size:0;color:transparent NaN @ https://challenges.cloudflare.com/cdn-cgi/challenge-platform/h/g/turnstile/f/av0/rch/ocg5c/0x4AAAAAAAQTptj2So4dx43e/auto/fbE/auto_expire/normal?lang=auto:0
[  320707ms] [LOG] %c%d font-size:0;color:transparent NaN @ https://challenges.cloudflare.com/cdn-cgi/challenge-platform/h/g/turnstile/f/av0/rch/ocg5c/0x4AAAAAAAQTptj2So4dx43e/auto/fbE/auto_expire/normal?lang=auto:0
[  320708ms] [LOG] %c%d font-size:0;color:transparent NaN @ https://challenges.cloudflare.com/cdn-cgi/challenge-platform/h/g/turnstile/f/av0/rch/ocg5c/0x4AAAAAAAQTptj2So4dx43e/auto/fbE/auto_expire/normal?lang=auto:0
[  320708ms] [TABLE] %c%d font-size:0;color:transparent Error @ https://challenges.cloudflare.com/cdn-cgi/challenge-platform/h/g/turnstile/f/av0/rch/ocg5c/0x4AAAAAAAQTptj2So4dx43e/auto/fbE/auto_expire/normal?lang=auto:0
[  320708ms] [TABLE] %c%d font-size:0;color:transparent Error @ https://challenges.cloudflare.com/cdn-cgi/challenge-platform/h/g/turnstile/f/av0/rch/ocg5c/0x4AAAAAAAQTptj2So4dx43e/auto/fbE/auto_expire/normal?lang=auto:0
[  320708ms] [WARNING] %c%d font-size:0;color:transparent NaN @ https://challenges.cloudflare.com/cdn-cgi/challenge-platform/h/g/turnstile/f/av0/rch/ocg5c/0x4AAAAAAAQTptj2So4dx43e/auto/fbE/auto_expire/normal?lang=auto:0
[  320708ms] [WARNING] %c%d font-size:0;color:transparent NaN @ https://challenges.cloudflare.com/cdn-cgi/challenge-platform/h/g/turnstile/f/av0/rch/ocg5c/0x4AAAAAAAQTptj2So4dx43e/auto/fbE/auto_expire/normal?lang=auto:0
