[     942ms] [ERROR] Error: <svg> attribute height: Expected length, "auto". @ https://fwd-inside-the-manege-offer-tst.webflow.io/plans?dev=true:569
[     942ms] [ERROR] Error: <svg> attribute height: Expected length, "auto". @ https://fwd-inside-the-manege-offer-tst.webflow.io/plans?dev=true:572
[     942ms] [ERROR] Error: <svg> attribute height: Expected length, "auto". @ https://fwd-inside-the-manege-offer-tst.webflow.io/plans?dev=true:575
[     961ms] [VERBOSE] [DOM] Input elements should have autocomplete attributes (suggested: "current-password"): (More info: https://goo.gl/9p2vKq) %o @ https://fwd-inside-the-manege-offer-tst.webflow.io/plans?dev=true:0
[    1183ms] [LOG] %cprice-update found color: green @ https://static.memberstack.com/scripts/v2/prebuilt-uis/v1.js:0
[    1183ms] [LOG] %csignup-form found color: green @ https://static.memberstack.com/scripts/v2/prebuilt-uis/v1.js:0
[    1183ms] [LOG] %cmember-data found color: green @ https://static.memberstack.com/scripts/v2/prebuilt-uis/v1.js:0
[    1183ms] [LOG] %cgoogle-login found color: green @ https://static.memberstack.com/scripts/v2/prebuilt-uis/v1.js:0
[    1184ms] [LOG] %cgated-content found color: green @ https://static.memberstack.com/scripts/v2/prebuilt-uis/v1.js:0
[    1425ms] [LOG] %cUnknown custom field key color: yellow @ https://static.memberstack.com/scripts/v2/prebuilt-uis/v1.js:0
[ 1096077ms] [ERROR] Access to CSS stylesheet at 'http://127.0.0.1:5500/css/styles.css?v=1785576323811' from origin 'https://fwd-inside-the-manege-offer-tst.webflow.io' has been blocked by CORS policy: Permission was denied for this request to access the `loopback` address space. @ https://fwd-inside-the-manege-offer-tst.webflow.io/plans?dev=true:0
[ 1096078ms] [ERROR] Failed to load resource: net::ERR_FAILED @ http://127.0.0.1:5500/css/styles.css?v=1785576323811:0
[ 1096078ms] [ERROR] Access to CSS stylesheet at 'http://127.0.0.1:5500/css/favorites.css?v=1785576323811' from origin 'https://fwd-inside-the-manege-offer-tst.webflow.io' has been blocked by CORS policy: Permission was denied for this request to access the `loopback` address space. @ https://fwd-inside-the-manege-offer-tst.webflow.io/plans?dev=true:0
[ 1096078ms] [ERROR] Failed to load resource: net::ERR_FAILED @ http://127.0.0.1:5500/css/favorites.css?v=1785576323811:0
[ 1096079ms] [WARNING] Local CSS failed, loading CDN fallback for css/styles.css... @ https://fwd-inside-the-manege-offer-tst.webflow.io/plans?dev=true:54
[ 1096079ms] [ERROR] Access to script at 'http://127.0.0.1:5500/js/script-loader.js?v=1785576323851' from origin 'https://fwd-inside-the-manege-offer-tst.webflow.io' has been blocked by CORS policy: Permission was denied for this request to access the `loopback` address space. @ https://fwd-inside-the-manege-offer-tst.webflow.io/plans?dev=true:0
[ 1096079ms] [ERROR] Failed to load resource: net::ERR_FAILED @ http://127.0.0.1:5500/js/script-loader.js?v=1785576323851:0
[ 1096079ms] [WARNING] Local CSS failed, loading CDN fallback for css/favorites.css... @ https://fwd-inside-the-manege-offer-tst.webflow.io/plans?dev=true:54
[ 1096081ms] [ERROR] Access to script at 'http://127.0.0.1:5500/js/features/course-loader.js?v=1785576323851' from origin 'https://fwd-inside-the-manege-offer-tst.webflow.io' has been blocked by CORS policy: Permission was denied for this request to access the `loopback` address space. @ https://fwd-inside-the-manege-offer-tst.webflow.io/plans?dev=true:0
[ 1096081ms] [ERROR] Failed to load resource: net::ERR_FAILED @ http://127.0.0.1:5500/js/features/course-loader.js?v=1785576323851:0
[ 1096081ms] [WARNING] Local JS failed, loading CDN fallback for js/script-loader.js... @ https://fwd-inside-the-manege-offer-tst.webflow.io/plans?dev=true:692
[ 1096081ms] [WARNING] Local JS failed, loading CDN fallback for js/features/course-loader.js... @ https://fwd-inside-the-manege-offer-tst.webflow.io/plans?dev=true:692
[ 1096328ms] [LOG] Loading courseLessons() @ https://cdn.jsdelivr.net/gh/dev-forwwward/inside-the-manege@feature/offers-tst/js/features/course.lessons.js?v=1785577419086:225
[ 1096328ms] [LOG] Loading course-loader @ https://cdn.jsdelivr.net/gh/dev-forwwward/inside-the-manege@feature/offers-tst/js/features/course-loader.js?v=1785576323851:25
[ 1096371ms] [LOG] Loading mainInit() @ https://cdn.jsdelivr.net/gh/dev-forwwward/inside-the-manege@feature/offers-tst/js/main.js?v=1785577419086:57
[ 1096371ms] [WARNING] navComponent not found. @ https://cdn.jsdelivr.net/gh/dev-forwwward/inside-the-manege@feature/offers-tst/js/menu.js?v=1785577419086:237
[ 1096371ms] [LOG] running swiper.js @ https://cdn.jsdelivr.net/gh/dev-forwwward/inside-the-manege@feature/offers-tst/js/swiper.js?v=1785577419086:2
[ 1096371ms] [LOG] running swiperInit() @ https://cdn.jsdelivr.net/gh/dev-forwwward/inside-the-manege@feature/offers-tst/js/swiper.js?v=1785577419086:64
[ 1096371ms] [LOG] Loading form() @ https://cdn.jsdelivr.net/gh/dev-forwwward/inside-the-manege@feature/offers-tst/js/form.js?v=1785577419086:71
[ 1096371ms] [LOG] Loading footerDate() @ https://cdn.jsdelivr.net/gh/dev-forwwward/inside-the-manege@feature/offers-tst/js/footer-date.js?v=1785577419086:10
[ 1096371ms] [LOG] Loading main scripts loader @ https://cdn.jsdelivr.net/gh/dev-forwwward/inside-the-manege@feature/offers-tst/js/script-loader.js?v=1785576323851:29
[ 1247778ms] [ERROR] Error: <svg> attribute height: Expected length, "auto". @ https://fwd-inside-the-manege-offer-tst.webflow.io/sign-up:87
[ 1247778ms] [ERROR] Error: <svg> attribute height: Expected length, "auto". @ https://fwd-inside-the-manege-offer-tst.webflow.io/sign-up:90
[ 1247778ms] [ERROR] Error: <svg> attribute height: Expected length, "auto". @ https://fwd-inside-the-manege-offer-tst.webflow.io/sign-up:93
[ 1247791ms] [VERBOSE] [DOM] Input elements should have autocomplete attributes (suggested: "current-password"): (More info: https://goo.gl/9p2vKq) %o @ https://fwd-inside-the-manege-offer-tst.webflow.io/sign-up:0
[ 1247939ms] [LOG] Loading courseLessons() @ https://cdn.jsdelivr.net/gh/dev-forwwward/inside-the-manege@feature/offers-tst/js/features/course.lessons.js?v=1785577570791:225
[ 1247939ms] [LOG] Loading course-loader @ https://cdn.jsdelivr.net/gh/dev-forwwward/inside-the-manege@feature/offers-tst/js/features/course-loader.js?v=1785577570681:25
[ 1247942ms] [WARNING] GSAP target .preloader not found. https://gsap.com @ https://cdn.prod.website-files.com/gsap/3.15.0/gsap.min.js:9
[ 1247942ms] [LOG] Loading mainInit() @ https://cdn.jsdelivr.net/gh/dev-forwwward/inside-the-manege@feature/offers-tst/js/main.js?v=1785577570791:57
[ 1247942ms] [WARNING] navComponent not found. @ https://cdn.jsdelivr.net/gh/dev-forwwward/inside-the-manege@feature/offers-tst/js/menu.js?v=1785577570791:237
[ 1247942ms] [LOG] running swiper.js @ https://cdn.jsdelivr.net/gh/dev-forwwward/inside-the-manege@feature/offers-tst/js/swiper.js?v=1785577570791:2
[ 1247942ms] [LOG] running swiperInit() @ https://cdn.jsdelivr.net/gh/dev-forwwward/inside-the-manege@feature/offers-tst/js/swiper.js?v=1785577570791:64
[ 1247942ms] [LOG] Loading form() @ https://cdn.jsdelivr.net/gh/dev-forwwward/inside-the-manege@feature/offers-tst/js/form.js?v=1785577570791:71
[ 1247942ms] [LOG] Loading footerDate() @ https://cdn.jsdelivr.net/gh/dev-forwwward/inside-the-manege@feature/offers-tst/js/footer-date.js?v=1785577570791:10
[ 1247942ms] [LOG] Loading main scripts loader @ https://cdn.jsdelivr.net/gh/dev-forwwward/inside-the-manege@feature/offers-tst/js/script-loader.js?v=1785577570681:29
[ 1248307ms] [LOG] %csignup-form found color: green @ https://static.memberstack.com/scripts/v2/prebuilt-uis/v1.js:0
[ 1248307ms] [LOG] %cmember-data found color: green @ https://static.memberstack.com/scripts/v2/prebuilt-uis/v1.js:0
[ 1248307ms] [LOG] %cgoogle-login found color: green @ https://static.memberstack.com/scripts/v2/prebuilt-uis/v1.js:0
[ 1249174ms] [WARNING] WebGL: INVALID_ENUM: getInternalformatParameter: invalid internalformat @ https://challenges.cloudflare.com/cdn-cgi/challenge-platform/h/g/turnstile/f/av0/rch/y8l7e/0x4AAAAAAAQTptj2So4dx43e/auto/fbE/new/normal?lang=auto:0
[ 1249175ms] [WARNING] WebGL: INVALID_ENUM: getInternalformatParameter: invalid internalformat @ https://challenges.cloudflare.com/cdn-cgi/challenge-platform/h/g/turnstile/f/av0/rch/y8l7e/0x4AAAAAAAQTptj2So4dx43e/auto/fbE/new/normal?lang=auto:0
[ 1249175ms] [WARNING] WebGL: INVALID_ENUM: getInternalformatParameter: invalid internalformat @ https://challenges.cloudflare.com/cdn-cgi/challenge-platform/h/g/turnstile/f/av0/rch/y8l7e/0x4AAAAAAAQTptj2So4dx43e/auto/fbE/new/normal?lang=auto:0
[ 1249175ms] [WARNING] WebGL: INVALID_ENUM: getInternalformatParameter: invalid internalformat @ https://challenges.cloudflare.com/cdn-cgi/challenge-platform/h/g/turnstile/f/av0/rch/y8l7e/0x4AAAAAAAQTptj2So4dx43e/auto/fbE/new/normal?lang=auto:0
[ 1249175ms] [WARNING] WebGL: INVALID_ENUM: getInternalformatParameter: invalid internalformat @ https://challenges.cloudflare.com/cdn-cgi/challenge-platform/h/g/turnstile/f/av0/rch/y8l7e/0x4AAAAAAAQTptj2So4dx43e/auto/fbE/new/normal?lang=auto:0
[ 1249175ms] [WARNING] WebGL: INVALID_ENUM: getInternalformatParameter: invalid internalformat @ https://challenges.cloudflare.com/cdn-cgi/challenge-platform/h/g/turnstile/f/av0/rch/y8l7e/0x4AAAAAAAQTptj2So4dx43e/auto/fbE/new/normal?lang=auto:0
[ 1249175ms] [WARNING] WebGL: INVALID_ENUM: getInternalformatParameter: invalid internalformat @ https://challenges.cloudflare.com/cdn-cgi/challenge-platform/h/g/turnstile/f/av0/rch/y8l7e/0x4AAAAAAAQTptj2So4dx43e/auto/fbE/new/normal?lang=auto:0
[ 1249176ms] [WARNING] WebGL: INVALID_ENUM: getInternalformatParameter: invalid internalformat @ https://challenges.cloudflare.com/cdn-cgi/challenge-platform/h/g/turnstile/f/av0/rch/y8l7e/0x4AAAAAAAQTptj2So4dx43e/auto/fbE/new/normal?lang=auto:0
[ 1249176ms] [WARNING] WebGL: INVALID_ENUM: getInternalformatParameter: invalid internalformat @ https://challenges.cloudflare.com/cdn-cgi/challenge-platform/h/g/turnstile/f/av0/rch/y8l7e/0x4AAAAAAAQTptj2So4dx43e/auto/fbE/new/normal?lang=auto:0
[ 1249176ms] [WARNING] WebGL: INVALID_ENUM: getInternalformatParameter: invalid internalformat @ https://challenges.cloudflare.com/cdn-cgi/challenge-platform/h/g/turnstile/f/av0/rch/y8l7e/0x4AAAAAAAQTptj2So4dx43e/auto/fbE/new/normal?lang=auto:0
[ 1249176ms] [WARNING] WebGL: INVALID_ENUM: getInternalformatParameter: invalid internalformat @ https://challenges.cloudflare.com/cdn-cgi/challenge-platform/h/g/turnstile/f/av0/rch/y8l7e/0x4AAAAAAAQTptj2So4dx43e/auto/fbE/new/normal?lang=auto:0
[ 1249176ms] [WARNING] WebGL: INVALID_ENUM: getInternalformatParameter: invalid internalformat when EXT_color_buffer_[half_]float is not enabled @ https://challenges.cloudflare.com/cdn-cgi/challenge-platform/h/g/turnstile/f/av0/rch/y8l7e/0x4AAAAAAAQTptj2So4dx43e/auto/fbE/new/normal?lang=auto:0
[ 1249176ms] [WARNING] WebGL: INVALID_ENUM: getInternalformatParameter: invalid internalformat when EXT_color_buffer_float is not enabled @ https://challenges.cloudflare.com/cdn-cgi/challenge-platform/h/g/turnstile/f/av0/rch/y8l7e/0x4AAAAAAAQTptj2So4dx43e/auto/fbE/new/normal?lang=auto:0
[ 1249176ms] [WARNING] WebGL: INVALID_ENUM: getInternalformatParameter: invalid internalformat when EXT_color_buffer_float is not enabled @ https://challenges.cloudflare.com/cdn-cgi/challenge-platform/h/g/turnstile/f/av0/rch/y8l7e/0x4AAAAAAAQTptj2So4dx43e/auto/fbE/new/normal?lang=auto:0
[ 1249177ms] [WARNING] WebGL: INVALID_ENUM: getInternalformatParameter: invalid internalformat @ https://challenges.cloudflare.com/cdn-cgi/challenge-platform/h/g/turnstile/f/av0/rch/y8l7e/0x4AAAAAAAQTptj2So4dx43e/auto/fbE/new/normal?lang=auto:0
[ 1249177ms] [WARNING] WebGL: INVALID_ENUM: getInternalformatParameter: invalid internalformat when EXT_color_buffer_[half_]float is not enabled @ https://challenges.cloudflare.com/cdn-cgi/challenge-platform/h/g/turnstile/f/av0/rch/y8l7e/0x4AAAAAAAQTptj2So4dx43e/auto/fbE/new/normal?lang=auto:0
[ 1249177ms] [WARNING] WebGL: INVALID_ENUM: getInternalformatParameter: invalid internalformat when EXT_color_buffer_float is not enabled @ https://challenges.cloudflare.com/cdn-cgi/challenge-platform/h/g/turnstile/f/av0/rch/y8l7e/0x4AAAAAAAQTptj2So4dx43e/auto/fbE/new/normal?lang=auto:0
[ 1249177ms] [WARNING] WebGL: INVALID_ENUM: getInternalformatParameter: invalid internalformat when EXT_color_buffer_[half_]float is not enabled @ https://challenges.cloudflare.com/cdn-cgi/challenge-platform/h/g/turnstile/f/av0/rch/y8l7e/0x4AAAAAAAQTptj2So4dx43e/auto/fbE/new/normal?lang=auto:0
[ 1249177ms] [WARNING] WebGL: INVALID_ENUM: getInternalformatParameter: invalid internalformat when EXT_color_buffer_float is not enabled @ https://challenges.cloudflare.com/cdn-cgi/challenge-platform/h/g/turnstile/f/av0/rch/y8l7e/0x4AAAAAAAQTptj2So4dx43e/auto/fbE/new/normal?lang=auto:0
[ 1249224ms] [LOG] /.*.*=.*/ @ https://challenges.cloudflare.com/cdn-cgi/challenge-platform/h/g/turnstile/f/av0/rch/y8l7e/0x4AAAAAAAQTptj2So4dx43e/auto/fbE/new/normal?lang=auto:0
[ 1249224ms] [LOG] /.*.*=.*/ @ https://challenges.cloudflare.com/cdn-cgi/challenge-platform/h/g/turnstile/f/av0/rch/y8l7e/0x4AAAAAAAQTptj2So4dx43e/auto/fbE/new/normal?lang=auto:0
[ 1249224ms] [LOG] function () { [native code] } @ https://challenges.cloudflare.com/cdn-cgi/challenge-platform/h/g/turnstile/f/av0/rch/y8l7e/0x4AAAAAAAQTptj2So4dx43e/auto/fbE/new/normal?lang=auto:0
[ 1249224ms] [LOG] function () { [native code] } @ https://challenges.cloudflare.com/cdn-cgi/challenge-platform/h/g/turnstile/f/av0/rch/y8l7e/0x4AAAAAAAQTptj2So4dx43e/auto/fbE/new/normal?lang=auto:0
[ 1249224ms] [LOG] JSHandle@node @ https://challenges.cloudflare.com/cdn-cgi/challenge-platform/h/g/turnstile/f/av0/rch/y8l7e/0x4AAAAAAAQTptj2So4dx43e/auto/fbE/new/normal?lang=auto:0
[ 1249224ms] [LOG] JSHandle@node @ https://challenges.cloudflare.com/cdn-cgi/challenge-platform/h/g/turnstile/f/av0/rch/y8l7e/0x4AAAAAAAQTptj2So4dx43e/auto/fbE/new/normal?lang=auto:0
[ 1249225ms] [COUNT]  : 1 @ https://challenges.cloudflare.com/cdn-cgi/challenge-platform/h/g/turnstile/f/av0/rch/y8l7e/0x4AAAAAAAQTptj2So4dx43e/auto/fbE/new/normal?lang=auto:0
[ 1249225ms] [COUNT]  : 1 @ https://challenges.cloudflare.com/cdn-cgi/challenge-platform/h/g/turnstile/f/av0/rch/y8l7e/0x4AAAAAAAQTptj2So4dx43e/auto/fbE/new/normal?lang=auto:0
[ 1249225ms] [DIR]  Error @ https://challenges.cloudflare.com/cdn-cgi/challenge-platform/h/g/turnstile/f/av0/rch/y8l7e/0x4AAAAAAAQTptj2So4dx43e/auto/fbE/new/normal?lang=auto:0
[ 1249225ms] [DIR]  Error @ https://challenges.cloudflare.com/cdn-cgi/challenge-platform/h/g/turnstile/f/av0/rch/y8l7e/0x4AAAAAAAQTptj2So4dx43e/auto/fbE/new/normal?lang=auto:0
[ 1249225ms] [DIRXML] %c%d font-size:0;color:transparent Error @ https://challenges.cloudflare.com/cdn-cgi/challenge-platform/h/g/turnstile/f/av0/rch/y8l7e/0x4AAAAAAAQTptj2So4dx43e/auto/fbE/new/normal?lang=auto:0
[ 1249225ms] [DIRXML] %c%d font-size:0;color:transparent Error @ https://challenges.cloudflare.com/cdn-cgi/challenge-platform/h/g/turnstile/f/av0/rch/y8l7e/0x4AAAAAAAQTptj2So4dx43e/auto/fbE/new/normal?lang=auto:0
[ 1249225ms] [ERROR] %c%d font-size:0;color:transparent NaN @ https://challenges.cloudflare.com/cdn-cgi/challenge-platform/h/g/turnstile/f/av0/rch/y8l7e/0x4AAAAAAAQTptj2So4dx43e/auto/fbE/new/normal?lang=auto:0
[ 1249226ms] [ERROR] %c%d font-size:0;color:transparent NaN @ https://challenges.cloudflare.com/cdn-cgi/challenge-platform/h/g/turnstile/f/av0/rch/y8l7e/0x4AAAAAAAQTptj2So4dx43e/auto/fbE/new/normal?lang=auto:0
[ 1249226ms] [INFO] %c%d font-size:0;color:transparent NaN @ https://challenges.cloudflare.com/cdn-cgi/challenge-platform/h/g/turnstile/f/av0/rch/y8l7e/0x4AAAAAAAQTptj2So4dx43e/auto/fbE/new/normal?lang=auto:0
[ 1249226ms] [INFO] %c%d font-size:0;color:transparent NaN @ https://challenges.cloudflare.com/cdn-cgi/challenge-platform/h/g/turnstile/f/av0/rch/y8l7e/0x4AAAAAAAQTptj2So4dx43e/auto/fbE/new/normal?lang=auto:0
[ 1249226ms] [LOG] %c%d font-size:0;color:transparent NaN @ https://challenges.cloudflare.com/cdn-cgi/challenge-platform/h/g/turnstile/f/av0/rch/y8l7e/0x4AAAAAAAQTptj2So4dx43e/auto/fbE/new/normal?lang=auto:0
[ 1249226ms] [LOG] %c%d font-size:0;color:transparent NaN @ https://challenges.cloudflare.com/cdn-cgi/challenge-platform/h/g/turnstile/f/av0/rch/y8l7e/0x4AAAAAAAQTptj2So4dx43e/auto/fbE/new/normal?lang=auto:0
[ 1249226ms] [TABLE] %c%d font-size:0;color:transparent Error @ https://challenges.cloudflare.com/cdn-cgi/challenge-platform/h/g/turnstile/f/av0/rch/y8l7e/0x4AAAAAAAQTptj2So4dx43e/auto/fbE/new/normal?lang=auto:0
[ 1249226ms] [TABLE] %c%d font-size:0;color:transparent Error @ https://challenges.cloudflare.com/cdn-cgi/challenge-platform/h/g/turnstile/f/av0/rch/y8l7e/0x4AAAAAAAQTptj2So4dx43e/auto/fbE/new/normal?lang=auto:0
[ 1249226ms] [WARNING] %c%d font-size:0;color:transparent NaN @ https://challenges.cloudflare.com/cdn-cgi/challenge-platform/h/g/turnstile/f/av0/rch/y8l7e/0x4AAAAAAAQTptj2So4dx43e/auto/fbE/new/normal?lang=auto:0
[ 1249226ms] [WARNING] %c%d font-size:0;color:transparent NaN @ https://challenges.cloudflare.com/cdn-cgi/challenge-platform/h/g/turnstile/f/av0/rch/y8l7e/0x4AAAAAAAQTptj2So4dx43e/auto/fbE/new/normal?lang=auto:0
[ 1249233ms] [WARNING] No available adapters. @ https://challenges.cloudflare.com/cdn-cgi/challenge-platform/h/g/turnstile/f/av0/rch/y8l7e/0x4AAAAAAAQTptj2So4dx43e/auto/fbE/new/normal?lang=auto:0
[ 1249309ms] [ERROR] Error: <svg> attribute height: Expected length, "auto". @ https://fwd-inside-the-manege-offer-tst.webflow.io/plans?dev=true:569
[ 1249309ms] [ERROR] Error: <svg> attribute height: Expected length, "auto". @ https://fwd-inside-the-manege-offer-tst.webflow.io/plans?dev=true:572
[ 1249309ms] [ERROR] Error: <svg> attribute height: Expected length, "auto". @ https://fwd-inside-the-manege-offer-tst.webflow.io/plans?dev=true:575
[ 1249320ms] [VERBOSE] [DOM] Input elements should have autocomplete attributes (suggested: "current-password"): (More info: https://goo.gl/9p2vKq) %o @ https://fwd-inside-the-manege-offer-tst.webflow.io/plans?dev=true:0
[ 1249320ms] [WARNING] Local CSS failed, loading CDN fallback for css/styles.css... @ https://fwd-inside-the-manege-offer-tst.webflow.io/plans?dev=true:54
[ 1249322ms] [WARNING] Local CSS failed, loading CDN fallback for css/favorites.css... @ https://fwd-inside-the-manege-offer-tst.webflow.io/plans?dev=true:54
[ 1249323ms] [ERROR] Access to script at 'http://127.0.0.1:5500/js/script-loader.js?v=1785577572210' from origin 'https://fwd-inside-the-manege-offer-tst.webflow.io' has been blocked by CORS policy: No 'Access-Control-Allow-Origin' header is present on the requested resource. @ https://fwd-inside-the-manege-offer-tst.webflow.io/plans?dev=true:0
[ 1249323ms] [ERROR] Failed to load resource: net::ERR_FAILED @ http://127.0.0.1:5500/js/script-loader.js?v=1785577572210:0
[ 1249323ms] [ERROR] Access to script at 'http://127.0.0.1:5500/js/features/course-loader.js?v=1785577572210' from origin 'https://fwd-inside-the-manege-offer-tst.webflow.io' has been blocked by CORS policy: No 'Access-Control-Allow-Origin' header is present on the requested resource. @ https://fwd-inside-the-manege-offer-tst.webflow.io/plans?dev=true:0
[ 1249323ms] [ERROR] Failed to load resource: net::ERR_FAILED @ http://127.0.0.1:5500/js/features/course-loader.js?v=1785577572210:0
[ 1249323ms] [WARNING] Local JS failed, loading CDN fallback for js/script-loader.js... @ https://fwd-inside-the-manege-offer-tst.webflow.io/plans?dev=true:692
[ 1249323ms] [WARNING] Local JS failed, loading CDN fallback for js/features/course-loader.js... @ https://fwd-inside-the-manege-offer-tst.webflow.io/plans?dev=true:692
[ 1249401ms] [LOG] Loading mainInit() @ https://cdn.jsdelivr.net/gh/dev-forwwward/inside-the-manege@feature/offers-tst/js/main.js?v=1785577572259:57
[ 1249401ms] [WARNING] navComponent not found. @ https://cdn.jsdelivr.net/gh/dev-forwwward/inside-the-manege@feature/offers-tst/js/menu.js?v=1785577572259:237
[ 1249401ms] [LOG] running swiper.js @ https://cdn.jsdelivr.net/gh/dev-forwwward/inside-the-manege@feature/offers-tst/js/swiper.js?v=1785577572259:2
[ 1249401ms] [LOG] running swiperInit() @ https://cdn.jsdelivr.net/gh/dev-forwwward/inside-the-manege@feature/offers-tst/js/swiper.js?v=1785577572259:64
[ 1249401ms] [LOG] Loading form() @ https://cdn.jsdelivr.net/gh/dev-forwwward/inside-the-manege@feature/offers-tst/js/form.js?v=1785577572259:71
[ 1249401ms] [LOG] Loading footerDate() @ https://cdn.jsdelivr.net/gh/dev-forwwward/inside-the-manege@feature/offers-tst/js/footer-date.js?v=1785577572259:10
[ 1249401ms] [LOG] Loading main scripts loader @ https://cdn.jsdelivr.net/gh/dev-forwwward/inside-the-manege@feature/offers-tst/js/script-loader.js?v=1785577572210:29
[ 1249402ms] [LOG] Loading courseLessons() @ https://cdn.jsdelivr.net/gh/dev-forwwward/inside-the-manege@feature/offers-tst/js/features/course.lessons.js?v=1785577572259:225
[ 1249402ms] [LOG] Loading course-loader @ https://cdn.jsdelivr.net/gh/dev-forwwward/inside-the-manege@feature/offers-tst/js/features/course-loader.js?v=1785577572210:25
[ 1249427ms] [LOG] %cprice-update found color: green @ https://static.memberstack.com/scripts/v2/prebuilt-uis/v1.js:0
[ 1249427ms] [LOG] %csignup-form found color: green @ https://static.memberstack.com/scripts/v2/prebuilt-uis/v1.js:0
[ 1249427ms] [LOG] %cmember-data found color: green @ https://static.memberstack.com/scripts/v2/prebuilt-uis/v1.js:0
[ 1249427ms] [LOG] %cgoogle-login found color: green @ https://static.memberstack.com/scripts/v2/prebuilt-uis/v1.js:0
[ 1249427ms] [LOG] %cgated-content found color: green @ https://static.memberstack.com/scripts/v2/prebuilt-uis/v1.js:0
[ 1249577ms] [LOG] %cUnknown custom field key color: yellow @ https://static.memberstack.com/scripts/v2/prebuilt-uis/v1.js:0
