[    1285ms] [ERROR] Error: <svg> attribute height: Expected length, "auto". @ https://fwd-inside-the-manege-offer-tst.webflow.io/plans:569
[    1285ms] [ERROR] Error: <svg> attribute height: Expected length, "auto". @ https://fwd-inside-the-manege-offer-tst.webflow.io/plans:572
[    1285ms] [ERROR] Error: <svg> attribute height: Expected length, "auto". @ https://fwd-inside-the-manege-offer-tst.webflow.io/plans:575
[    1305ms] [VERBOSE] [DOM] Input elements should have autocomplete attributes (suggested: "current-password"): (More info: https://goo.gl/9p2vKq) %o @ https://fwd-inside-the-manege-offer-tst.webflow.io/plans:0
[    1407ms] [LOG] Loading mainInit() @ https://cdn.jsdelivr.net/gh/dev-forwwward/inside-the-manege@feature/offers-tst/js/main.js?v=1785578336347:57
[    1407ms] [WARNING] navComponent not found. @ https://cdn.jsdelivr.net/gh/dev-forwwward/inside-the-manege@feature/offers-tst/js/menu.js?v=1785578336347:237
[    1408ms] [LOG] running swiper.js @ https://cdn.jsdelivr.net/gh/dev-forwwward/inside-the-manege@feature/offers-tst/js/swiper.js?v=1785578336347:2
[    1408ms] [LOG] running swiperInit() @ https://cdn.jsdelivr.net/gh/dev-forwwward/inside-the-manege@feature/offers-tst/js/swiper.js?v=1785578336347:64
[    1408ms] [LOG] Loading form() @ https://cdn.jsdelivr.net/gh/dev-forwwward/inside-the-manege@feature/offers-tst/js/form.js?v=1785578336347:71
[    1408ms] [LOG] Loading footerDate() @ https://cdn.jsdelivr.net/gh/dev-forwwward/inside-the-manege@feature/offers-tst/js/footer-date.js?v=1785578336347:10
[    1408ms] [LOG] Loading main scripts loader @ https://cdn.jsdelivr.net/gh/dev-forwwward/inside-the-manege@feature/offers-tst/js/script-loader.js?v=1785578336301:29
[    1537ms] [LOG] %cprice-update found color: green @ https://static.memberstack.com/scripts/v2/prebuilt-uis/v1.js:0
[    1537ms] [LOG] %csignup-form found color: green @ https://static.memberstack.com/scripts/v2/prebuilt-uis/v1.js:0
[    1538ms] [LOG] %cmember-data found color: green @ https://static.memberstack.com/scripts/v2/prebuilt-uis/v1.js:0
[    1538ms] [LOG] %cgoogle-login found color: green @ https://static.memberstack.com/scripts/v2/prebuilt-uis/v1.js:0
[    1538ms] [LOG] %cgated-content found color: green @ https://static.memberstack.com/scripts/v2/prebuilt-uis/v1.js:0
[    1736ms] [LOG] Loading courseLessons() @ https://cdn.jsdelivr.net/gh/dev-forwwward/inside-the-manege@feature/offers-tst/js/features/course.lessons.js?v=1785578336348:225
[    1736ms] [LOG] Loading planSelect() @ https://cdn.jsdelivr.net/gh/dev-forwwward/inside-the-manege@feature/offers-tst/js/ms-scripts/plan-select.js?v=1785578336348:36
[    1736ms] [LOG] Loading course-loader @ https://cdn.jsdelivr.net/gh/dev-forwwward/inside-the-manege@feature/offers-tst/js/features/course-loader.js?v=1785578336301:28
[    1933ms] [LOG] %cUnknown custom field key color: yellow @ https://static.memberstack.com/scripts/v2/prebuilt-uis/v1.js:0
