[     108ms] [ERROR] Error: <svg> attribute height: Expected length, "auto". @ https://fwd-inside-the-manege-offer-tst.webflow.io/plans:569
[     108ms] [ERROR] Error: <svg> attribute height: Expected length, "auto". @ https://fwd-inside-the-manege-offer-tst.webflow.io/plans:572
[     108ms] [ERROR] Error: <svg> attribute height: Expected length, "auto". @ https://fwd-inside-the-manege-offer-tst.webflow.io/plans:575
[     141ms] [VERBOSE] [DOM] Input elements should have autocomplete attributes (suggested: "current-password"): (More info: https://goo.gl/9p2vKq) %o @ https://fwd-inside-the-manege-offer-tst.webflow.io/plans:0
[     220ms] [LOG] Loading mainInit() @ https://cdn.jsdelivr.net/gh/dev-forwwward/inside-the-manege@feature/offers-tst/js/main.js?v=1785578574470:57
[     220ms] [WARNING] navComponent not found. @ https://cdn.jsdelivr.net/gh/dev-forwwward/inside-the-manege@feature/offers-tst/js/menu.js?v=1785578574470:237
[     220ms] [LOG] running swiper.js @ https://cdn.jsdelivr.net/gh/dev-forwwward/inside-the-manege@feature/offers-tst/js/swiper.js?v=1785578574470:2
[     220ms] [LOG] running swiperInit() @ https://cdn.jsdelivr.net/gh/dev-forwwward/inside-the-manege@feature/offers-tst/js/swiper.js?v=1785578574470:64
[     220ms] [LOG] Loading form() @ https://cdn.jsdelivr.net/gh/dev-forwwward/inside-the-manege@feature/offers-tst/js/form.js?v=1785578574470:71
[     220ms] [LOG] Loading footerDate() @ https://cdn.jsdelivr.net/gh/dev-forwwward/inside-the-manege@feature/offers-tst/js/footer-date.js?v=1785578574470:10
[     220ms] [LOG] Loading main scripts loader @ https://cdn.jsdelivr.net/gh/dev-forwwward/inside-the-manege@feature/offers-tst/js/script-loader.js?v=1785578574427:29
[     225ms] [LOG] Loading courseLessons() @ https://cdn.jsdelivr.net/gh/dev-forwwward/inside-the-manege@feature/offers-tst/js/features/course.lessons.js?v=1785578574470:225
[     225ms] [LOG] Loading planSelect() @ https://cdn.jsdelivr.net/gh/dev-forwwward/inside-the-manege@feature/offers-tst/js/ms-scripts/plan-select.js?v=1785578574470:36
[     225ms] [LOG] Loading course-loader @ https://cdn.jsdelivr.net/gh/dev-forwwward/inside-the-manege@feature/offers-tst/js/features/course-loader.js?v=1785578574427:28
[     386ms] [LOG] %cprice-update found color: green @ https://static.memberstack.com/scripts/v2/prebuilt-uis/v1.js:0
[     386ms] [LOG] %csignup-form found color: green @ https://static.memberstack.com/scripts/v2/prebuilt-uis/v1.js:0
[     386ms] [LOG] %cmember-data found color: green @ https://static.memberstack.com/scripts/v2/prebuilt-uis/v1.js:0
[     386ms] [LOG] %cgoogle-login found color: green @ https://static.memberstack.com/scripts/v2/prebuilt-uis/v1.js:0
[     386ms] [LOG] %cgated-content found color: green @ https://static.memberstack.com/scripts/v2/prebuilt-uis/v1.js:0
[     922ms] [LOG] %cUnknown custom field key color: yellow @ https://static.memberstack.com/scripts/v2/prebuilt-uis/v1.js:0
